../../Drivers/CMSIS/Core/Include/core_cm0.h:623:22:__NVIC_EnableIRQ	16	static,ignoring_inline_asm
../Src/main.c:24:5:main	24	static
../Src/main.c:58:6:SystemClock_Config	8	static
../Src/main.c:70:6:GPIO_Init	8	static
../Src/main.c:77:6:EXTI_Init	8	static
../Src/main.c:89:6:EXTI4_15_IRQHandler	8	static
../Src/main.c:96:6:EXTI_4_15_CallBack	8	static
../Src/main.c:101:6:RTC_Init	8	static
../Src/main.c:144:6:RTC_IRQHandler	8	static
../Src/main.c:151:6:RTC_CallBack	8	static
../Src/main.c:164:9:new_bcd_time	24	static
