../../Drivers/CMSIS/Core/Include/core_cm0.h:623:22:__NVIC_EnableIRQ	16	static,ignoring_inline_asm
../Src/main.c:25:5:main	16	static
../Src/main.c:58:6:SystemClock_Config	8	static
../Src/main.c:67:6:GPIO_Init	8	static
../Src/main.c:74:6:EXTI_Init	8	static
../Src/main.c:86:6:EXTI4_15_IRQHandler	8	static
../Src/main.c:93:6:EXTI_4_15_CallBack	8	static
../Src/main.c:98:6:RTC_Init	8	static
../Src/main.c:136:6:RTC_IRQHandler	8	static
../Src/main.c:143:6:RTC_CallBack	8	static
../Src/main.c:156:9:new_bcd_time	24	static
